// Jest Snapshot v1, https://goo.gl/fbAQLP

exports[`ld-accordion renders 1`] = `
<ld-accordion class="ld-accordion">
  <mock:shadow-root>
    <slot></slot>
  </mock:shadow-root>
  <ld-accordion-section class="ld-accordion-section ld-accordion-section--expanded">
    <mock:shadow-root>
      <slot></slot>
    </mock:shadow-root>
    <ld-accordion-toggle class="ld-accordion-toggle ld-accordion-toggle--expanded">
      <mock:shadow-root>
        <button aria-expanded="true" class="ld-accordion-toggle__button" part="toggle focusable">
          <div class="ld-accordion-toggle__content" part="content">
            <div class="ld-accordion-toggle__label" part="label">
              <div class="ld-accordion-toggle__label-content" part="label-content">
                <slot></slot>
              </div>
            </div>
            <div class="ld-accordion-toggle__trigger" part="trigger">
              <div class="ld-accordion-toggle__trigger-content" part="trigger-content">
                <slot name="icon"></slot>
                <ld-icon aria-hidden="true" class="ld-accordion-toggle__trigger-icon" name="arrow-down" part="trigger-icon" size="sm"></ld-icon>
              </div>
            </div>
          </div>
        </button>
      </mock:shadow-root>
      Fruits
    </ld-accordion-toggle>
    <ld-accordion-panel class="ld-accordion-panel ld-accordion-panel--expanded" style="--ld-accordion-panel-max-height: NaNpx;">
      <mock:shadow-root>
        <div class="ld-accordion-panel__content" part="content">
          <slot></slot>
        </div>
      </mock:shadow-root>
      Apple, orange, banana
    </ld-accordion-panel>
  </ld-accordion-section>
  <ld-accordion-section class="ld-accordion-section">
    <mock:shadow-root>
      <slot></slot>
    </mock:shadow-root>
    <ld-accordion-toggle class="ld-accordion-toggle">
      <mock:shadow-root>
        <button aria-expanded="false" class="ld-accordion-toggle__button" part="toggle focusable">
          <div class="ld-accordion-toggle__content" part="content">
            <div class="ld-accordion-toggle__label" part="label">
              <div class="ld-accordion-toggle__label-content" part="label-content">
                <slot></slot>
              </div>
            </div>
            <div class="ld-accordion-toggle__trigger" part="trigger">
              <div class="ld-accordion-toggle__trigger-content" part="trigger-content">
                <slot name="icon"></slot>
                <ld-icon aria-hidden="true" class="ld-accordion-toggle__trigger-icon" name="arrow-down" part="trigger-icon" size="sm"></ld-icon>
              </div>
            </div>
          </div>
        </button>
      </mock:shadow-root>
      Vegetables
    </ld-accordion-toggle>
    <ld-accordion-panel class="ld-accordion-panel" style="--ld-accordion-panel-max-height: 0px;">
      <mock:shadow-root>
        <div class="ld-accordion-panel__content" part="content">
          <slot></slot>
        </div>
      </mock:shadow-root>
      Potato, cucumber, tomato
    </ld-accordion-panel>
  </ld-accordion-section>
  <ld-accordion-section class="ld-accordion-section">
    <mock:shadow-root>
      <slot></slot>
    </mock:shadow-root>
    <ld-accordion-toggle class="ld-accordion-toggle">
      <mock:shadow-root>
        <button aria-disabled="true" aria-expanded="false" class="ld-accordion-toggle__button" part="toggle focusable">
          <div class="ld-accordion-toggle__content" part="content">
            <div class="ld-accordion-toggle__label" part="label">
              <div class="ld-accordion-toggle__label-content" part="label-content">
                <slot></slot>
              </div>
            </div>
            <div class="ld-accordion-toggle__trigger" part="trigger">
              <div class="ld-accordion-toggle__trigger-content" part="trigger-content">
                <slot name="icon"></slot>
                <ld-icon aria-hidden="true" class="ld-accordion-toggle__trigger-icon" name="arrow-down" part="trigger-icon" size="sm"></ld-icon>
              </div>
            </div>
          </div>
        </button>
      </mock:shadow-root>
      Nuts
    </ld-accordion-toggle>
    <ld-accordion-panel class="ld-accordion-panel" style="--ld-accordion-panel-max-height: 0px;">
      <mock:shadow-root>
        <div class="ld-accordion-panel__content" part="content">
          <slot></slot>
        </div>
      </mock:shadow-root>
      Walnut, chestnut, strawberry
    </ld-accordion-panel>
  </ld-accordion-section>
</ld-accordion>
`;
